// Jest Snapshot v1, https://goo.gl/fbAQLP

exports[`Sudoku printing should match the printBoard snapshot 1`] = `
"3 7 4 | 2   8 | 5   1
    5 |       |      
      | 1     |      
- - -   - - -   - - - 
  9   |   1   | 8    
2   8 | 9     | 7   5
7 5   |   2 4 | 1 9  
- - -   - - -   - - - 
5     | 7   2 | 9    
    9 | 3 8 1 | 2   7
    7 | 4   9 | 6 1  
"
`;

exports[`Sudoku printing should match the printRow snapshot 1`] = `"1 2 3 |     6 | 7   9"`;
