// Jest Snapshot v1, https://goo.gl/fbAQLP

exports[`Sudoku printing should match the printBoard snapshot 1`] = `
"3 7 4 | 2   8 | 5   1
    5 |       |      
      | 1     |      
- - -   - - -   - - - 
  9   |   1   | 8    
2   8 | 9     | 7   5
7 5   |   2 4 | 1 9  
- - -   - - -   - - - 
5     | 7   2 | 9    
    9 | 3 8 1 | 2   7
    7 | 4   9 | 6 1  
"
`;

exports[`Sudoku printing should match the printRow snapshot 1`] = `"1 2 3 |     6 | 7   9"`;

exports[`Sudoku region and cell positions should return all of the cell positions within a given region 1`] = `
Array [
  Object {
    "c": 0,
    "r": 0,
  },
  Object {
    "c": 1,
    "r": 0,
  },
  Object {
    "c": 2,
    "r": 0,
  },
  Object {
    "c": 0,
    "r": 1,
  },
  Object {
    "c": 1,
    "r": 1,
  },
  Object {
    "c": 2,
    "r": 1,
  },
  Object {
    "c": 0,
    "r": 2,
  },
  Object {
    "c": 1,
    "r": 2,
  },
  Object {
    "c": 2,
    "r": 2,
  },
]
`;

exports[`Sudoku region and cell positions should return all region positions 1`] = `
Array [
  Object {
    "c": 0,
    "r": 0,
  },
  Object {
    "c": 1,
    "r": 0,
  },
  Object {
    "c": 2,
    "r": 0,
  },
  Object {
    "c": 0,
    "r": 1,
  },
  Object {
    "c": 1,
    "r": 1,
  },
  Object {
    "c": 2,
    "r": 1,
  },
  Object {
    "c": 0,
    "r": 2,
  },
  Object {
    "c": 1,
    "r": 2,
  },
  Object {
    "c": 2,
    "r": 2,
  },
]
`;

exports[`Sudoku solving randomizeBoard should produce a random board 1`] = `
"1 2 3 | 7 8 9 | 4 5 6
1 2 3 | 7 8 9 | 4 5 6
1 2 3 | 7 8 9 | 4 5 6
- - -   - - -   - - - 
1 2 3 | 7 8 9 | 4 5 6
1 2 3 | 7 8 9 | 4 5 6
1 2 3 | 7 8 9 | 4 5 6
- - -   - - -   - - - 
1 2 3 | 7 8 9 | 4 5 6
1 2 3 | 7 8 9 | 4 5 6
1 2 3 | 7 8 9 | 4 5 6
"
`;
